// Jest Snapshot v1, https://goo.gl/fbAQLP

exports[`renders correctly 1`] = `
<div
  className="component_game-cell"
>
  <input
    className="game-cell_input"
    maxLength={1}
    onBlur={[Function]}
    onChange={[Function]}
    onFocus={[Function]}
    placeholder="0"
    type="text"
    value="5"
  />
</div>
`;
